// Jest Snapshot v1, https://goo.gl/fbAQLP

exports[`it expects text with not found pathname 1`] = `
<div>
  <p>
    Sorry, no page found at 
    /lost-page
  </p>
  <Link
    replace={false}
    to="/"
  >
    Go Home
  </Link>
</div>
`;
